// Jest Snapshot v1, https://goo.gl/fbAQLP

exports[`Main will receive right actions 1`] = `
Object {
  "createWalletCopy": [Function],
  "disablePowerSleepMode": [Function],
  "fetch": [Function],
}
`;
