// Jest Snapshot v1, https://goo.gl/fbAQLP

exports[`Vault will receive right actions 1`] = `
Object {
  "createZcashNode": [Function],
  "loadVaultStatus": [Function],
}
`;

exports[`Vault will receive right props 1`] = `
Object {
  "exists": true,
  "nodeConnected": true,
}
`;

exports[`Vault will render creator when vault does not exist 1`] = `
<Redirect
  to="/loading"
/>
`;

exports[`Vault will render redirect when node not connected 1`] = `<Connect(WithStyles(UnlockVault)) />`;

exports[`Vault will render unlocker when vault locked 1`] = `<Connect(WithStyles(UnlockVault)) />`;
