// Jest Snapshot v1, https://goo.gl/fbAQLP

exports[`Logs  will receive right actions 1`] = `
Object {
  "closeLogsWindow": [Function],
}
`;

exports[`Logs  will receive right props 1`] = `
Object {
  "applicationLogs": Array [],
  "debugLogs": Array [],
  "transactionsLogs": Array [],
}
`;
