// Jest Snapshot v1, https://goo.gl/fbAQLP

exports[`BlockchainLocation will receive right actions 1`] = `
Object {
  "handleSelection": [Function],
}
`;
