// Jest Snapshot v1, https://goo.gl/fbAQLP

exports[`AddFunds renders component 1`] = `
<Fragment>
  <WithStyles(ForwardRef(Dialog))
    onClose={[Function]}
    open={false}
  >
    <WithStyles(ForwardRef(Grid))
      container={true}
      direction="column"
    >
      <WithStyles(ForwardRef(Grid))
        item={true}
      >
        <WithStyles(ForwardRef(IconButton))
          onClick={[Function]}
        >
          <CloseIcon />
        </WithStyles(ForwardRef(IconButton))>
      </WithStyles(ForwardRef(Grid))>
      <WithStyles(ForwardRef(Grid))
        alignItems="center"
        className="dialogContent-mock"
        container={true}
        direction="column"
      >
        <WithStyles(ForwardRef(Grid))
          className="spacing24-mock"
          item={true}
        >
          <WithStyles(ForwardRef(Typography))
            variant="h3"
          >
            Add funds with QR code
          </WithStyles(ForwardRef(Typography))>
        </WithStyles(ForwardRef(Grid))>
        <WithStyles(ForwardRef(Grid))
          className="spacing24-mock"
          item={true}
        >
          <WithStyles(ForwardRef(Typography))
            className="alignText-mock"
            variant="body2"
          >
            If you have Zcash on your phone or your friend's phone, you can send funds to your Zcash address using this QR code.
          </WithStyles(ForwardRef(Typography))>
        </WithStyles(ForwardRef(Grid))>
        <WithStyles(ForwardRef(Grid))
          className="qrcodeDiv-mock"
          item={true}
        >
          <QRCode
            bgColor="#FFFFFF"
            fgColor="#000000"
            includeMargin={false}
            level="L"
            renderAs="canvas"
            size={200}
          />
        </WithStyles(ForwardRef(Grid))>
      </WithStyles(ForwardRef(Grid))>
    </WithStyles(ForwardRef(Grid))>
  </WithStyles(ForwardRef(Dialog))>
  <WithStyles(ForwardRef(Grid))
    container={true}
    item={true}
    justify="flex-start"
  >
    <WithStyles(ForwardRef(Typography))
      className="tabTitle-mock"
      variant="h3"
    >
      Add funds to your wallet
    </WithStyles(ForwardRef(Typography))>
  </WithStyles(ForwardRef(Grid))>
  <WithStyles(ForwardRef(Grid))
    className="spacing24-mock"
    item={true}
  >
    <WithStyles(ForwardRef(Typography))
      variant="body2"
    >
      Zbay runs on
       
      <a
        className="link-mock"
        href="https://z.cash/"
        onClick={[Function]}
      >
        Zcash
      </a>
       
      (a cryptocurrency). Cryptocurrency addresses are unique, like email addressess or phone numbers, for money (send to the right address and the recipient will get the money).
    </WithStyles(ForwardRef(Typography))>
  </WithStyles(ForwardRef(Grid))>
  <WithStyles(ForwardRef(Grid))
    className="spacing32-mock"
    item={true}
  >
    <WithStyles(ForwardRef(Typography))
      className="subtitle-mock"
      variant="body2"
    >
      Your Zcash address
    </WithStyles(ForwardRef(Typography))>
  </WithStyles(ForwardRef(Grid))>
  <WithStyles(ForwardRef(Grid))
    item={true}
  >
    <WithStyles(ForwardRef(Typography))
      className="caption-mock"
      variant="caption"
    >
      Send Zcash to it, and Zbay will store the funds on your computer.
       
      <span
        className="link-mock"
      >
        Generate new address
      </span>
    </WithStyles(ForwardRef(Typography))>
  </WithStyles(ForwardRef(Grid))>
  <WithStyles(ForwardRef(Grid))
    item={true}
  >
    <WithStyles(ForwardRef(FormControlLabel))
      control={
        <ForwardRef(WithStyles)
          checked={false}
          checkedIcon={
            <Memo
              style={
                Object {
                  "fontSize": 20,
                }
              }
            />
          }
          color="default"
          icon={
            <Memo
              style={
                Object {
                  "fontSize": 20,
                }
              }
            />
          }
          onChange={[Function]}
          size="small"
          style={
            Object {
              "height": 36,
              "width": 36,
            }
          }
        />
      }
      label={
        <ForwardRef(WithStyles)
          className="caption-mock"
          variant="caption"
        >
          Donate 1% of my deposit to support Zbay development.
        </ForwardRef(WithStyles)>
      }
    />
  </WithStyles(ForwardRef(Grid))>
  <WithStyles(ForwardRef(Grid))
    className="spacing16-mock"
    item={true}
  >
    <WithStyles(ForwardRef(Grid))
      container={true}
    >
      <WithStyles(ForwardRef(Grid))
        item={true}
        xs={true}
      >
        <WithStyles(ForwardRef(OutlinedInput))
          classes={
            Object {
              "root": "transparentAddress-mock",
            }
          }
          disabled={true}
          fullWidth={true}
          id="outlined-address"
          name="address"
        />
      </WithStyles(ForwardRef(Grid))>
      <Memo(WithStyles(Tooltip))
        className="tooltip-mock"
        placement="top-end"
        title="Send to Zbay with QR code"
      >
        <WithStyles(ForwardRef(Grid))
          className="qrIcon-mock"
          item={true}
          onClick={[Function]}
        >
          <Memo(Icon)
            src="test-file-stub"
          />
        </WithStyles(ForwardRef(Grid))>
      </Memo(WithStyles(Tooltip))>
    </WithStyles(ForwardRef(Grid))>
  </WithStyles(ForwardRef(Grid))>
  <WithStyles(ForwardRef(Grid))
    item={true}
    xs={true}
  >
    <CopyToClipboard
      onCopy={[Function]}
    >
      <WithStyles(ForwardRef(Button))
        className="button-mock"
        color="primary"
        fullWidth={true}
        size="large"
        type="submit"
        variant="contained"
      >
        Copy address to clipboard
      </WithStyles(ForwardRef(Button))>
    </CopyToClipboard>
  </WithStyles(ForwardRef(Grid))>
  <WithStyles(ForwardRef(Grid))
    className="infoDiv-mock"
    item={true}
    onClick={[Function]}
  >
    <WithStyles(ForwardRef(Grid))
      alignItems="center"
      container={true}
      justify="center"
    >
      <WithStyles(ForwardRef(Grid))
        className="iconDiv-mock"
        item={true}
      >
        <Memo(Icon)
          src="test-file-stub"
        />
      </WithStyles(ForwardRef(Grid))>
      <WithStyles(ForwardRef(Grid))
        item={true}
      >
        <WithStyles(ForwardRef(Typography))
          variant="h4"
        >
          How do i buy Zcash? 
        </WithStyles(ForwardRef(Typography))>
      </WithStyles(ForwardRef(Grid))>
    </WithStyles(ForwardRef(Grid))>
  </WithStyles(ForwardRef(Grid))>
  <WithStyles(ForwardRef(Grid))
    className="privateDiv-mock"
    item={true}
    onClick={[Function]}
  >
    <WithStyles(ForwardRef(Grid))
      alignItems="center"
      container={true}
      justify="space-between"
    >
      <WithStyles(ForwardRef(Grid))
        item={true}
      >
        <WithStyles(ForwardRef(Typography))
          className="privateTitle-mock"
          variant="body2"
        >
          Private address
        </WithStyles(ForwardRef(Typography))>
      </WithStyles(ForwardRef(Grid))>
      <ExpandMoreIcon
        className="icon-mock"
      />
    </WithStyles(ForwardRef(Grid))>
  </WithStyles(ForwardRef(Grid))>
</Fragment>
`;
