// Jest Snapshot v1, https://goo.gl/fbAQLP

exports[`UpdateModal renders component 1`] = `
<Memo(WithStyles(Modal))
  handleClose={[MockFunction]}
  isCloseDisabled={true}
  open={true}
>
  <WithStyles(ForwardRef(Grid))
    alignItems="center"
    className="root-mock"
    container={true}
    direction="column"
    justify="flex-start"
  >
    <WithStyles(ForwardRef(Grid))
      className="info-mock"
      container={true}
      justify="center"
    >
      <WithStyles(ForwardRef(Grid))
        item={true}
      >
        <Memo(Icon)
          className="exclamationMarkIcon-mock"
          src="test-file-stub"
        />
      </WithStyles(ForwardRef(Grid))>
    </WithStyles(ForwardRef(Grid))>
    <WithStyles(ForwardRef(Grid))
      container={true}
      item={true}
      justify="center"
    >
      <WithStyles(ForwardRef(Grid))
        className="title-mock"
        item={true}
      >
        <WithStyles(ForwardRef(Typography))
          variant="h3"
        >
          Softare update
        </WithStyles(ForwardRef(Typography))>
      </WithStyles(ForwardRef(Grid))>
    </WithStyles(ForwardRef(Grid))>
    <WithStyles(ForwardRef(Grid))
      container={true}
      item={true}
      justify="center"
    >
      <WithStyles(ForwardRef(Grid))
        className="subTitle-mock"
        item={true}
      >
        <WithStyles(ForwardRef(Typography))
          variant="body2"
        >
          An update is available for Zbay.
        </WithStyles(ForwardRef(Typography))>
      </WithStyles(ForwardRef(Grid))>
    </WithStyles(ForwardRef(Grid))>
    <WithStyles(ForwardRef(Grid))
      container={true}
      justify="center"
      spacing={8}
    >
      <WithStyles(ForwardRef(Grid))
        item={true}
        xs={4}
      >
        <WithStyles(ForwardRef(Button))
          className="button-mock"
          color="primary"
          fullWidth={true}
          onClick={[MockFunction]}
          size="large"
          type="submit"
          variant="contained"
        >
          Update now
        </WithStyles(ForwardRef(Button))>
      </WithStyles(ForwardRef(Grid))>
    </WithStyles(ForwardRef(Grid))>
  </WithStyles(ForwardRef(Grid))>
</Memo(WithStyles(Modal))>
`;
