// Jest Snapshot v1, https://goo.gl/fbAQLP

exports[`ChannelHeader will receive right props 1`] = `
Object {
  "channel": Immutable.Map {
    "name": "testusername",
    "address": "address123",
  },
  "directMessage": true,
  "isRegisteredUsername": false,
  "mutedFlag": false,
}
`;
