// Jest Snapshot v1, https://goo.gl/fbAQLP

exports[`ImportedChannel renders private channel 1`] = `
<Memo(WithStyles(Modal))
  handleClose={[MockFunction]}
  open={true}
  title=""
>
  <WithStyles(ForwardRef(Grid))
    alignItems="center"
    className="root-mock"
    container={true}
    direction="column"
    item={true}
  >
    <WithStyles(ForwardRef(Grid))
      item={true}
    >
      <Memo(Icon)
        className="icon-mock"
        src="test-file-stub"
      />
    </WithStyles(ForwardRef(Grid))>
    <WithStyles(ForwardRef(Grid))
      item={true}
    >
      <WithStyles(ForwardRef(Typography))
        variant="h3"
      >
        Join channel
      </WithStyles(ForwardRef(Typography))>
    </WithStyles(ForwardRef(Grid))>
    <WithStyles(ForwardRef(Grid))
      className="spacing16-mock"
      item={true}
    >
      <WithStyles(ForwardRef(Typography))
        variant="body2"
      >
        You are invited to join the channel
         
        <span
          className="channelName-mock"
        >
          #
          Test channel
        </span>
      </WithStyles(ForwardRef(Typography))>
    </WithStyles(ForwardRef(Grid))>
    <WithStyles(ForwardRef(Grid))
      className="spacing32-mock"
      item={true}
    >
      <WithStyles(ForwardRef(Button))
        className="buttonAccept-mock"
        color="primary"
        disabled={false}
        onClick={[Function]}
        size="small"
        variant="text"
      >
        Accept
      </WithStyles(ForwardRef(Button))>
    </WithStyles(ForwardRef(Grid))>
    <WithStyles(ForwardRef(Grid))
      item={true}
    >
      <WithStyles(ForwardRef(Button))
        className="buttonSkip-mock"
        color="primary"
        onClick={[MockFunction]}
        size="small"
        variant="text"
      >
        No thanks
      </WithStyles(ForwardRef(Button))>
    </WithStyles(ForwardRef(Grid))>
  </WithStyles(ForwardRef(Grid))>
</Memo(WithStyles(Modal))>
`;

exports[`ImportedChannel renders public channel 1`] = `
<Memo(WithStyles(Modal))
  handleClose={[MockFunction]}
  open={true}
  title=""
>
  <WithStyles(ForwardRef(Grid))
    alignItems="center"
    className="root-mock"
    container={true}
    direction="column"
    item={true}
  >
    <WithStyles(ForwardRef(Grid))
      item={true}
    >
      <Memo(Icon)
        className="icon-mock"
        src="test-file-stub"
      />
    </WithStyles(ForwardRef(Grid))>
    <WithStyles(ForwardRef(Grid))
      item={true}
    >
      <WithStyles(ForwardRef(Typography))
        variant="h3"
      >
        Join channel
      </WithStyles(ForwardRef(Typography))>
    </WithStyles(ForwardRef(Grid))>
    <WithStyles(ForwardRef(Grid))
      className="spacing16-mock"
      item={true}
    >
      <WithStyles(ForwardRef(Typography))
        variant="body2"
      >
        You are invited to join the channel
         
        <span
          className="channelName-mock"
        >
          #
          Test channel
        </span>
      </WithStyles(ForwardRef(Typography))>
    </WithStyles(ForwardRef(Grid))>
    <WithStyles(ForwardRef(Grid))
      className="spacing32-mock"
      item={true}
    >
      <WithStyles(ForwardRef(Button))
        className="buttonAccept-mock"
        color="primary"
        disabled={false}
        onClick={[Function]}
        size="small"
        variant="text"
      >
        Accept
      </WithStyles(ForwardRef(Button))>
    </WithStyles(ForwardRef(Grid))>
    <WithStyles(ForwardRef(Grid))
      item={true}
    >
      <WithStyles(ForwardRef(Button))
        className="buttonSkip-mock"
        color="primary"
        onClick={[MockFunction]}
        size="small"
        variant="text"
      >
        No thanks
      </WithStyles(ForwardRef(Button))>
    </WithStyles(ForwardRef(Grid))>
  </WithStyles(ForwardRef(Grid))>
</Memo(WithStyles(Modal))>
`;
