// Jest Snapshot v1, https://goo.gl/fbAQLP

exports[`LoadingMessage renders component 1`] = `
<Memo(WithStyles(SpinnerLoader))
  className="wrapper-mock"
  classes={
    Object {
      "spinner": "spinner-mock",
    }
  }
  message="Loading messages"
  size={50}
/>
`;
