// Jest Snapshot v1, https://goo.gl/fbAQLP

exports[`NodePanelDetails renders component 1`] = `
<WithStyles(ForwardRef(Grid))
  container={true}
  direction="column"
>
  <WithStyles(ForwardRef(Grid))
    className="details-mock"
    container={true}
    direction="column"
  >
    <WithStyles(ForwardRef(Grid))
      container={true}
      direction={true}
      item={true}
    >
      <Connect(NodePanelNetworkField) />
      <Memo(WithStyles(Tooltip))
        className="tooltip-mock"
        placement="bottom"
        title="Logs"
      >
        <WithStyles(ForwardRef(IconButton))
          classes={
            Object {
              "root": "iconButtonLogs-mock",
            }
          }
          onClick={[Function]}
          onMouseOut={[Function]}
          onMouseOver={[Function]}
        >
          <Memo(Icon)
            className="icon-mock"
            fontSize="inherit"
            src="test-file-stub"
          />
        </WithStyles(ForwardRef(IconButton))>
      </Memo(WithStyles(Tooltip))>
      <Memo(WithStyles(Tooltip))
        className="tooltip-mock"
        placement="bottom"
        title="Learn more about node status"
      >
        <WithStyles(ForwardRef(IconButton))
          className="iconButton-mock"
          onClick={[Function]}
          onMouseOut={[Function]}
          onMouseOver={[Function]}
        >
          <Memo(Icon)
            className="icon-mock"
            fontSize="inherit"
            src="test-file-stub"
          />
        </WithStyles(ForwardRef(IconButton))>
      </Memo(WithStyles(Tooltip))>
    </WithStyles(ForwardRef(Grid))>
    <Connect(NodePanelBlocksField) />
    <Connect(NodePanelConnectionsField) />
    <Connect(NodePanelFreeUtxos) />
  </WithStyles(ForwardRef(Grid))>
</WithStyles(ForwardRef(Grid))>
`;
