// Jest Snapshot v1, https://goo.gl/fbAQLP

exports[`FailedUsernameRegister will receive right actions 1`] = `
Object {
  "openModalCreateUsername": [Function],
}
`;

exports[`FailedUsernameRegister will receive right props 1`] = `Object {}`;
