// Jest Snapshot v1, https://goo.gl/fbAQLP

exports[`IdentityPanel will receive right props 1`] = `
Object {
  "identity": Immutable.Identity {
    "id": null,
    "address": "zctestaddress",
    "transparentAddress": "",
    "signerPrivKey": "",
    "signerPubKey": "",
    "name": "saturn",
    "shippingData": Immutable.ShippingData {
      "firstName": "",
      "lastName": "",
      "street": "",
      "country": "",
      "region": "",
      "city": "",
      "postalCode": "",
    },
    "balance": "23.435432",
    "lockedBalance": "13.123432",
    "donationAllow": true,
    "shieldingTax": true,
    "donationAddress": "",
    "freeUtxos": 0,
    "addresses": Immutable.List [],
    "shieldedAddresses": Immutable.List [],
  },
  "user": undefined,
}
`;
