// Jest Snapshot v1, https://goo.gl/fbAQLP

exports[`WalletPanel sets interval for getBalance 1`] = `Array []`;

exports[`WalletPanel will receive right actions 1`] = `
Object {
  "openInvitationModal": [Function],
  "setModalTab": [Function],
}
`;
