// Jest Snapshot v1, https://goo.gl/fbAQLP

exports[`SendMoneyForm renders component 1`] = `
<WithStyles(ForwardRef(Grid))
  className="contentContainer-mock"
  container={true}
  direction="column"
  justify="flex-start"
>
  <WithStyles(ForwardRef(Typography))
    className="title-mock"
    variant="h3"
  >
    Send funds
  </WithStyles(ForwardRef(Typography))>
  <WithStyles(ForwardRef(Typography))
    className="fieldName-mock"
    variant="body2"
  >
    Recipient
  </WithStyles(ForwardRef(Typography))>
  <AutocompleteField
    filterOptions={[Function]}
    freeSolo={true}
    inputValue="address123"
    name="recipient"
    onChange={[Function]}
    onInputChange={[Function]}
    options={
      Array [
        "test",
      ]
    }
    renderInput={[Function]}
    value="address123"
  />
  <ErrorText
    name="recipient"
  />
  <WithStyles(ForwardRef(Grid))
    container={true}
    item={true}
  >
    <WithStyles(ForwardRef(Grid))
      className="divMoney-mock"
      container={true}
      item={true}
      xs={12}
    >
      <WithStyles(ForwardRef(Grid))
        className="titleBox-mock"
        item={true}
        xs={12}
      >
        <WithStyles(ForwardRef(Typography))
          className="fieldName-mock"
          variant="body2"
        >
          Available to send
        </WithStyles(ForwardRef(Typography))>
      </WithStyles(ForwardRef(Grid))>
      <WithStyles(ForwardRef(Grid))
        className="avaiableBox-mock"
        container={true}
        direction="row"
        item={true}
        justify="space-between"
        wrap="nowrap"
      >
        <WithStyles(ForwardRef(Grid))
          alignItems="center"
          className="innerBox-mock"
          container={true}
          direction="row"
          item={true}
        >
          <WithStyles(ForwardRef(Grid))
            className="zecIcon-mock"
            item={true}
          >
            <Memo(Icon)
              src="test-file-stub"
            />
          </WithStyles(ForwardRef(Grid))>
          <WithStyles(ForwardRef(Grid))
            item={true}
          >
            <WithStyles(ForwardRef(Typography))
              className="zecTypo-mock"
              variant="body2"
            >
              ZEC
            </WithStyles(ForwardRef(Typography))>
          </WithStyles(ForwardRef(Grid))>
        </WithStyles(ForwardRef(Grid))>
        <WithStyles(ForwardRef(Grid))
          alignItems="flex-end"
          className="innerBox-mock"
          container={true}
          direction="column"
          item={true}
          justify="center"
        >
          <WithStyles(ForwardRef(Grid))
            item={true}
          >
            <WithStyles(ForwardRef(Typography))
              className="valueZec-mock"
              variant="h3"
            >
              0.7
            </WithStyles(ForwardRef(Typography))>
          </WithStyles(ForwardRef(Grid))>
          <WithStyles(ForwardRef(Grid))
            item={true}
          >
            <WithStyles(ForwardRef(Typography))
              className="valueUsd-mock"
              variant="body2"
            >
              $0.49 USD
            </WithStyles(ForwardRef(Typography))>
          </WithStyles(ForwardRef(Grid))>
        </WithStyles(ForwardRef(Grid))>
      </WithStyles(ForwardRef(Grid))>
    </WithStyles(ForwardRef(Grid))>
    <WithStyles(ForwardRef(Grid))
      className="divMoney-mock"
      container={true}
      item={true}
      xs={12}
    >
      <WithStyles(ForwardRef(Grid))
        className="titleBox-mock"
        item={true}
        xs={12}
      >
        <WithStyles(ForwardRef(Typography))
          className="fieldName-mock"
          variant="body2"
        >
          Amount to send
        </WithStyles(ForwardRef(Typography))>
      </WithStyles(ForwardRef(Grid))>
      <WithStyles(ForwardRef(Grid))
        className="moneyDiv-mock"
        item={true}
      >
        <LinkedTextField
          InputProps={
            Object {
              "className": "moneyInput-mock",
              "endAdornment": <ForwardRef(WithStyles)
                position="end"
              >
                <span
                  className="inputMark-mock"
                >
                  USD
                </span>
              </ForwardRef(WithStyles)>,
              "error": undefined,
            }
          }
          fullWidth={true}
          label=""
          name="amountUsd"
          otherField="amountZec"
          placeholder="0.00"
          precise={4}
          transformer={0.00012}
          type="number"
        />
      </WithStyles(ForwardRef(Grid))>
      <WithStyles(ForwardRef(Grid))
        alignItems="center"
        className="exchangeDiv-mock"
        container={true}
        item={true}
        justify="center"
      >
        <Memo(Icon)
          className="exchnage-mock"
          src="test-file-stub"
        />
      </WithStyles(ForwardRef(Grid))>
      <WithStyles(ForwardRef(Grid))
        className="moneyDiv-mock"
        item={true}
      >
        <LinkedTextField
          InputProps={
            Object {
              "className": "moneyInput-mock",
              "endAdornment": <ForwardRef(WithStyles)
                position="end"
              >
                <span
                  className="inputMark-mock"
                >
                  ZEC
                </span>
              </ForwardRef(WithStyles)>,
              "error": undefined,
            }
          }
          fullWidth={true}
          label=""
          name="amountZec"
          otherField="amountUsd"
          placeholder="0.00"
          precise={2}
          transformer={"0.7"}
          type="number"
        />
      </WithStyles(ForwardRef(Grid))>
      <ErrorText
        name="amountZec"
      />
    </WithStyles(ForwardRef(Grid))>
    <WithStyles(ForwardRef(Grid))
      item={true}
      xs={12}
    >
      <WithStyles(ForwardRef(Typography))
        className="fieldName-mock"
        variant="body1"
      >
        Memo
      </WithStyles(ForwardRef(Typography))>
      <TextField
        disabled={false}
        multiline={true}
        name="memo"
        placeholder="Enter a message"
        rows={8}
      />
    </WithStyles(ForwardRef(Grid))>
  </WithStyles(ForwardRef(Grid))>
  <WithStyles(ForwardRef(Button))
    className="button-mock"
    color="primary"
    disabled={false}
    onClick={[Function]}
    size="large"
    type="submit"
    variant="contained"
  >
    Continue
  </WithStyles(ForwardRef(Button))>
</WithStyles(ForwardRef(Grid))>
`;
