// Jest Snapshot v1, https://goo.gl/fbAQLP

exports[`SendMoneyForm renders component 1`] = `
<Formik
  enableReinitialize={true}
  initialValues={
    Object {
      "amountUsd": "0.0001",
      "amountZec": "0.001",
      "memo": "test-memo",
      "recipient": "test-recipient",
    }
  }
  isInitialValid={false}
  onSubmit={[Function]}
  validate={[Function]}
  validateOnBlur={true}
  validateOnChange={true}
  validationSchema={
    ObjectSchema {
      "_blacklist": RefSet {
        "list": Set {},
        "refs": Map {},
      },
      "_conditions": Array [],
      "_defaultDefault": [Function],
      "_deps": Array [],
      "_excludedEdges": Array [
        "recipient-amountZec",
      ],
      "_exclusive": Object {},
      "_mutate": undefined,
      "_nodes": Array [
        "memo",
        "amountUsd",
        "amountZec",
        "recipient",
      ],
      "_options": Object {
        "abortEarly": true,
        "recursive": true,
      },
      "_type": "object",
      "_typeError": [Function],
      "_whitelist": RefSet {
        "list": Set {},
        "refs": Map {},
      },
      "fields": Object {
        "amountUsd": NumberSchema {
          "_blacklist": RefSet {
            "list": Set {},
            "refs": Map {},
          },
          "_conditions": Array [],
          "_deps": Array [],
          "_exclusive": Object {
            "required": true,
          },
          "_mutate": undefined,
          "_options": Object {
            "abortEarly": true,
            "recursive": true,
          },
          "_type": "number",
          "_typeError": [Function],
          "_whitelist": RefSet {
            "list": Set {},
            "refs": Map {},
          },
          "tests": Array [
            [Function],
          ],
          "transforms": Array [
            [Function],
          ],
        },
        "amountZec": NumberSchema {
          "_blacklist": RefSet {
            "list": Set {},
            "refs": Map {},
          },
          "_conditions": Array [],
          "_deps": Array [],
          "_exclusive": Object {
            "min": true,
            "required": true,
          },
          "_mutate": undefined,
          "_options": Object {
            "abortEarly": true,
            "recursive": true,
          },
          "_type": "number",
          "_typeError": [Function],
          "_whitelist": RefSet {
            "list": Set {},
            "refs": Map {},
          },
          "tests": Array [
            [Function],
            [Function],
          ],
          "transforms": Array [
            [Function],
          ],
        },
        "memo": StringSchema {
          "_blacklist": RefSet {
            "list": Set {},
            "refs": Map {},
          },
          "_conditions": Array [],
          "_deps": Array [],
          "_exclusive": Object {
            "max": true,
          },
          "_mutate": undefined,
          "_options": Object {
            "abortEarly": true,
            "recursive": true,
          },
          "_type": "string",
          "_typeError": [Function],
          "_whitelist": RefSet {
            "list": Set {},
            "refs": Map {},
          },
          "tests": Array [
            [Function],
          ],
          "transforms": Array [
            [Function],
          ],
        },
        "recipient": SchemaType {
          "_blacklist": RefSet {
            "list": Set {},
            "refs": Map {},
          },
          "_conditions": Array [],
          "_deps": Array [],
          "_exclusive": Object {
            "match": false,
            "required": true,
          },
          "_mutate": undefined,
          "_options": Object {
            "abortEarly": true,
            "recursive": true,
          },
          "_type": "mixed",
          "_typeError": [Function],
          "_whitelist": RefSet {
            "list": Set {},
            "refs": Map {},
          },
          "tests": Array [
            [Function],
            [Function],
          ],
          "transforms": Array [],
        },
      },
      "tests": Array [],
      "transforms": Array [
        [Function],
      ],
    }
  }
>
  <Component />
</Formik>
`;
